// Jest Snapshot v1, https://goo.gl/fbAQLP

exports[`createClass creates a named constructor 1`] = `
"function Test() {
       return initOple(
         Ople.call(this),
         getInit.apply(null, arguments)
       )
     }"
`;

exports[`createClass creates a named constructor 3`] = `
Array [
  Array [
    1,
  ],
]
`;
